[2026-10-05 04:47:20] 开始更新IPTV直播源
[2026-10-05 04:47:20] 正在获取: https://m3u.ibert.me/fmml_ipv6.m3u
[2026-10-05 04:47:20] 从该源解析出 82 个频道
[2026-10-05 04:47:21] 正在获取: https://live.zbds.org/tv/iptv6.m3u
[2026-10-05 04:47:21] 获取异常: HTTPSConnectionPool(host='live.zbds.org', port=443): Max retries exceeded with url: /tv/iptv6.m3u (Caused by NameResolutionError("HTTPSConnection(host='live.zbds.org', port=443): Failed to resolve 'live.zbds.org' ([Errno -2] Name or service not known)"))
[2026-10-05 04:47:21] 正在获取: https://raw.githubusercontent.com/suxuang/myIPTV/refs/heads/main/ipv4.m3u
[2026-10-05 04:47:21] 从该源解析出 1225 个频道
[2026-10-05 04:47:22] 正在获取: https://zbds.org/tv/iptv4.m3u
[2026-10-05 04:47:23] 获取异常: HTTPSConnectionPool(host='zbds.org', port=443): Max retries exceeded with url: /tv/iptv4.m3u (Caused by NameResolutionError("HTTPSConnection(host='zbds.org', port=443): Failed to resolve 'zbds.org' ([Errno -2] Name or service not known)"))
[2026-10-05 04:47:23] 正在获取: https://raw.githubusercontent.com/BurningC4/Chinese-IPTV/master/TV-IPV4.m3u
[2026-10-05 04:47:23] 从该源解析出 58 个频道
[2026-10-05 04:47:24] 去重后频道: 1318
[2026-10-05 04:47:24] 质量过滤后: 1318
[2026-10-05 04:47:24] 开始并行验证 1318 个频道...
[2026-10-05 04:47:24] 已验证 20/1318 个频道
[2026-10-05 04:47:24] 已验证 40/1318 个频道
[2026-10-05 04:47:27] 已验证 60/1318 个频道
[2026-10-05 04:47:31] 已验证 80/1318 个频道
[2026-10-05 04:47:40] 已验证 100/1318 个频道
[2026-10-05 04:47:45] 已验证 120/1318 个频道
[2026-10-05 04:47:52] 已验证 140/1318 个频道
[2026-10-05 04:48:03] 已验证 160/1318 个频道
[2026-10-05 04:48:15] 已验证 180/1318 个频道
[2026-10-05 04:48:24] 已验证 200/1318 个频道
[2026-10-05 04:48:29] 已验证 220/1318 个频道
[2026-10-05 04:48:32] 已验证 240/1318 个频道
[2026-10-05 04:48:34] 已验证 260/1318 个频道
[2026-10-05 04:48:39] 已验证 280/1318 个频道
[2026-10-05 04:48:48] 已验证 300/1318 个频道
[2026-10-05 04:48:51] 已验证 320/1318 个频道
[2026-10-05 04:48:53] 已验证 340/1318 个频道
[2026-10-05 04:48:55] 已验证 360/1318 个频道
[2026-10-05 04:48:55] 已验证 380/1318 个频道
[2026-10-05 04:48:55] 已验证 400/1318 个频道
[2026-10-05 04:48:56] 已验证 420/1318 个频道
[2026-10-05 04:49:03] 已验证 440/1318 个频道
[2026-10-05 04:49:09] 已验证 460/1318 个频道
[2026-10-05 04:49:12] 已验证 480/1318 个频道
[2026-10-05 04:49:13] 已验证 500/1318 个频道
[2026-10-05 04:49:32] 已验证 520/1318 个频道
[2026-10-05 04:49:42] 已验证 540/1318 个频道
[2026-10-05 04:49:47] 已验证 560/1318 个频道
[2026-10-05 04:49:49] 已验证 580/1318 个频道
[2026-10-05 04:49:51] 已验证 600/1318 个频道
[2026-10-05 04:49:53] 已验证 620/1318 个频道
[2026-10-05 04:49:56] 已验证 640/1318 个频道
[2026-10-05 04:50:00] 已验证 660/1318 个频道
[2026-10-05 04:50:02] 已验证 680/1318 个频道
[2026-10-05 04:50:04] 已验证 700/1318 个频道
[2026-10-05 04:50:29] 已验证 720/1318 个频道
[2026-10-05 04:50:53] 已验证 740/1318 个频道
[2026-10-05 04:51:14] 已验证 760/1318 个频道
[2026-10-05 04:51:20] 已验证 780/1318 个频道
[2026-10-05 04:51:22] 已验证 800/1318 个频道
[2026-10-05 04:51:25] 已验证 820/1318 个频道
[2026-10-05 04:51:26] 已验证 840/1318 个频道
[2026-10-05 04:51:28] 已验证 860/1318 个频道
[2026-10-05 04:51:30] 已验证 880/1318 个频道
[2026-10-05 04:51:33] 已验证 900/1318 个频道
[2026-10-05 04:51:36] 已验证 920/1318 个频道
[2026-10-05 04:51:40] 已验证 940/1318 个频道
[2026-10-05 04:51:48] 已验证 960/1318 个频道
[2026-10-05 04:51:55] 已验证 980/1318 个频道
[2026-10-05 04:52:01] 已验证 1000/1318 个频道
[2026-10-05 04:52:03] 已验证 1020/1318 个频道
[2026-10-05 04:52:13] 已验证 1040/1318 个频道
[2026-10-05 04:52:19] 已验证 1060/1318 个频道
[2026-10-05 04:52:28] 已验证 1080/1318 个频道
[2026-10-05 04:52:37] 已验证 1100/1318 个频道
[2026-10-05 04:52:42] 已验证 1120/1318 个频道
[2026-10-05 04:52:46] 已验证 1140/1318 个频道
[2026-10-05 04:52:52] 已验证 1160/1318 个频道
[2026-10-05 04:53:00] 已验证 1180/1318 个频道
[2026-10-05 04:53:02] 已验证 1200/1318 个频道
[2026-10-05 04:53:06] 已验证 1220/1318 个频道
[2026-10-05 04:53:08] 已验证 1240/1318 个频道
[2026-10-05 04:53:12] 已验证 1260/1318 个频道
[2026-10-05 04:53:24] 已验证 1280/1318 个频道
[2026-10-05 04:53:38] 已验证 1300/1318 个频道
[2026-10-05 04:53:49] 验证完成: 272/1318